[2026-09-18 22:01:43] [INFO] Created new habit: [1] Habit To Archive (Other, Daily)
[2026-09-18 22:01:43] [INFO] Archived habit [1]: Habit To Archive
[2026-09-18 22:01:43] [INFO] Created new habit: [1] Daily Meditation (Meditation, Daily)
[2026-09-18 22:01:43] [INFO] Created new habit: [1] Drink Water (Hydration, Daily)
[2026-09-18 22:01:43] [INFO] Created new habit: [1] Daily Reading (Reading, Daily)
[2026-09-18 22:01:43] [INFO] Unlocked badge: First Step for user User
[2026-09-18 22:01:43] [INFO] Logged habit [1] 'Daily Reading' on 2026-01-01 (completed=true, xp=10)
[2026-09-18 22:01:43] [INFO] Logged habit [1] 'Daily Reading' on 2026-01-02 (completed=true, xp=12)
[2026-09-18 22:01:43] [INFO] Logged habit [1] 'Daily Reading' on 2026-01-03 (completed=true, xp=14)
[2026-09-18 22:01:43] [INFO] Created new habit: [1] Daily Reading (Reading, Daily)
[2026-09-18 22:01:43] [INFO] Unlocked badge: First Step for user User
[2026-09-18 22:01:43] [INFO] Logged habit [1] 'Daily Reading' on 2026-01-01 (completed=true, xp=10)
[2026-09-18 22:01:43] [INFO] Logged habit [1] 'Daily Reading' on 2026-01-02 (completed=true, xp=12)
[2026-09-18 22:01:43] [INFO] Logged habit [1] 'Daily Reading' on 2026-01-03 (completed=false, xp=0)
[2026-09-18 22:01:43] [INFO] Unlocked badge: Comeback Kid for user User
[2026-09-18 22:01:43] [INFO] Logged habit [1] 'Daily Reading' on 2026-01-04 (completed=true, xp=10)
[2026-09-18 22:01:43] [INFO] Created new habit: [1] Daily Reading (Reading, Daily)
[2026-09-18 22:01:43] [INFO] Unlocked badge: First Step for user User
[2026-09-18 22:01:43] [INFO] Logged habit [1] 'Daily Reading' on 2026-02-01 (completed=true, xp=10)
[2026-09-18 22:01:43] [INFO] Logged habit [1] 'Daily Reading' on 2026-02-02 (completed=true, xp=12)
[2026-09-18 22:01:43] [INFO] Logged habit [1] 'Daily Reading' on 2026-02-03 (completed=true, xp=14)
[2026-09-18 22:01:43] [INFO] Logged habit [1] 'Daily Reading' on 2026-02-04 (completed=false, xp=0)
[2026-09-18 22:01:43] [INFO] Created new habit: [1] Daily Reading (Reading, Daily)
[2026-09-18 22:01:43] [INFO] Created new habit: [1] Daily Reading (Reading, Daily)
[2026-09-18 22:01:43] [INFO] Unlocked badge: First Step for user User
[2026-09-18 22:01:43] [INFO] Logged habit [1] 'Daily Reading' on 2026-03-01 (completed=true, xp=10)
